[2m2026-05-25T11:06:10.130205Z[0m [32m INFO[0m main ThreadId(01) [2mzenoh_bridge_ros2dds[0m[2m:[0m zenoh-bridge-ros2dds v1.9.0
[2m2026-05-25T11:06:10.131740Z[0m [32m INFO[0m main ThreadId(01) [2mzenoh_bridge_ros2dds[0m[2m:[0m Zenoh Config(Config { id: None, metadata: Null, mode: Some(Router), region_name: None, gateway: GatewayConf { south: None }, connect: ConnectConfig { timeout_ms: None, endpoints: Unique([]), exit_on_failure: None, retry: None }, listen: ListenConfig { timeout_ms: None, endpoints: Unique([tcp/0.0.0.0:7447]), exit_on_failure: None, retry: None }, open: OpenConf { return_conditions: ReturnConditionsConf { connect_scouted: None, declares: None } }, scouting: ScoutingConf { timeout: None, delay: None, multicast: ScoutingMulticastConf { enabled: Some(false), address: None, interface: None, ttl: None, autoconnect: None, autoconnect_strategy: None, listen: None }, gossip: GossipConf { enabled: Some(true), multihop: Some(true), target: None, autoconnect: None, autoconnect_strategy: None } }, timestamping: TimestampingConf { enabled: Some(Unique(true)), drop_future_timestamp: None }, queries_default_timeout: None, routing: RoutingConf { router: RouterRoutingConf { peers_failover_brokering: DeprecatedPeersFailoverBrokering(None), linkstate: LinkstateConf { transport_weights: [] } }, peer: DeprecatedRoutingPeer(None), interests: InterestsConf { timeout: None } }, aggregation: AggregationConf { subscribers: [], publishers: [] }, qos: QoSConfig { publication: PublisherQoSConfList([]), network: [] }, transport: TransportConf { unicast: TransportUnicastConf { open_timeout: 10000, accept_timeout: 10000, accept_pending: 100, max_sessions: 1000, max_links: 1, lowlatency: false, qos: QoSUnicastConf { enabled: true }, compression: CompressionUnicastConf { enabled: true } }, multicast: TransportMulticastConf { join_interval: Some(2500), max_sessions: Some(1000), qos: QoSMulticastConf { enabled: false }, compression: CompressionMulticastConf { enabled: false } }, link: TransportLinkConf { protocols: None, tx: LinkTxConf { sequence_number_resolution: U32, lease: 10000, keep_alive: 4, batch_size: 65535, queue: QueueConf { size: QueueSizeConf { control: 2, real_time: 2, interactive_high: 2, interactive_low: 2, data_high: 2, data: 2, data_low: 2, background: 2 }, congestion_control: CongestionControlConf { drop: CongestionControlDropConf { wait_before_drop: 1000, max_wait_before_drop_fragments: 50000 }, block: CongestionControlBlockConf { wait_before_close: 5000000 } }, batching: BatchingConf { enabled: true, time_limit: 1 }, allocation: QueueAllocConf { mode: Lazy } }, threads: 2 }, rx: LinkRxConf { buffer_size: 65535, max_message_size: 1073741824 }, tls: TLSConf { root_ca_certificate: None, listen_private_key: None, listen_certificate: None, enable_mtls: None, connect_private_key: None, connect_certificate: None, verify_name_on_connect: None, close_link_on_expiration: None, so_sndbuf: None, so_rcvbuf: None, root_ca_certificate_base64: None, listen_private_key_base64: None, listen_certificate_base64: None, connect_private_key_base64: None, connect_certificate_base64: None }, tcp: TcpConf { so_sndbuf: None, so_rcvbuf: None }, unixpipe: UnixPipeConf { file_access_mask: None } }, shared_memory: ShmConf { enabled: true, mode: Lazy, transport_optimization: LargeMessageTransportOpt { enabled: true, pool_size: 16777216, message_size_threshold: 3072 } }, auth: AuthConf { usrpwd: UsrPwdConf { user: None, password: None, dictionary_file: None }, pubkey: PubKeyConf { public_key_pem: None, private_key_pem: None, public_key_file: None, private_key_file: None, key_size: None, known_keys_file: None } } }, adminspace: AdminSpaceConf { enabled: true, permissions: PermissionsConf { read: true, write: false } }, namespace: None, downsampling: [], access_control: AclConfig { enabled: false, default_permission: Deny, rules: None, subjects: None, policies: None }, low_pass_filter: [], stats: StatsConfig { filters: [] }, plugins_loading: PluginsLoading { enabled: true, search_dirs: LibSearchDirs([Spec(LibSearchSpec { kind: CurrentExeParent, value: None }), Path("."), Path("~/.zenoh/lib"), Path("/opt/homebrew/lib"), Path("/usr/local/lib"), Path("/usr/lib")]) }, plugins: Object {"ros2dds": Object {"allow": Object {"action_clients": Array [], "action_servers": Array [], "publishers": Array [String("/tf"), String("/tf_static"), String("/mapData"), String("/mapGraph"), String("/robot_description")], "service_clients": Array [], "service_servers": Array [], "subscribers": Array [String("/tf"), String("/tf_static"), String("/mapData"), String("/mapGraph"), String("/robot_description")]}, "domain": Number(0), "pub_max_frequencies": Array [String("/tf=10.0"), String("/tf_static=1.0"), String("/mapData=2.0"), String("/mapGraph=2.0"), String("/robot_description=1.0")], "reliable_routes_blocking": Bool(true), "ros_localhost_only": Bool(false), "transient_local_cache_multiplier": Number(50)}} })
[2m2026-05-25T11:06:10.132068Z[0m [32m INFO[0m main ThreadId(01) [2mzenoh::net::runtime[0m[2m:[0m Using ZID: 2ec977b0e2a19e31c2f34a96cd068b62
[2m2026-05-25T11:06:10.132738Z[0m [32m INFO[0m main ThreadId(01) [2mzenoh::api::loader[0m[2m:[0m Starting required plugin "ros2dds"
[2m2026-05-25T11:06:10.133905Z[0m [32m INFO[0m main ThreadId(01) [2mzenoh::api::loader[0m[2m:[0m Successfully started plugin ros2dds from "__static_lib__"
[2m2026-05-25T11:06:10.133941Z[0m [32m INFO[0m main ThreadId(01) [2mzenoh::api::loader[0m[2m:[0m Finished loading plugins
[2m2026-05-25T11:06:10.133958Z[0m [32m INFO[0m tokio-rt-worker ThreadId(07) [2mzenoh_plugin_ros2dds[0m[2m:[0m ROS2 plugin Config { namespace: "/", nodename: "zenoh_bridge_ros2dds", domain: 0, ros_localhost_only: false, ros_automatic_discovery_range: None, ros_static_peers: None, allowance: Some(Allow(ROS2InterfacesRegex { publishers: Some(Regex("^/tf$|^/tf_static$|^/mapData$|^/mapGraph$|^/robot_description$")), subscribers: Some(Regex("^/tf$|^/tf_static$|^/mapData$|^/mapGraph$|^/robot_description$")), service_servers: None, service_clients: None, action_servers: None, action_clients: None })), pub_max_frequencies: [(Regex("/tf"), 10.0), (Regex("/tf_static"), 1.0), (Regex("/mapData"), 2.0), (Regex("/mapGraph"), 2.0), (Regex("/robot_description"), 1.0)], transient_local_cache_multiplier: 50, queries_timeout: Some(QueriesTimeouts { default: 5.0, transient_local_subscribers: [], services: [], actions: Some(ActionsTimeouts { send_goal: [], cancel_goal: [], get_result: [(Regex(".*"), 300.0)] }) }), reliable_routes_blocking: true, pub_priorities: [], work_thread_num: 2, max_block_thread_num: 50, __required__: None, __path__: None }
[2m2026-05-25T11:06:10.134814Z[0m [32m INFO[0m            main ThreadId(01) [2mzenoh::net::runtime::orchestrator[0m[2m:[0m Zenoh can be reached at: tcp/10.107.205.75:7447
[2m2026-05-25T11:06:13.242697Z[0m [32m INFO[0m tokio-rt-worker ThreadId(03) [2mzenoh_plugin_ros2dds[0m[2m:[0m New ROS 2 bridge detected: 30c1e18f668c11a3e1ddcfef2f4bcfb5
[2m2026-05-25T11:06:13.693844Z[0m [32m INFO[0m tokio-rt-worker ThreadId(04) [2mzenoh_plugin_ros2dds[0m[2m:[0m Remote bridge 30c1e18f668c11a3e1ddcfef2f4bcfb5 announces Subscriber tf_static - Allowed
[2m2026-05-25T11:06:13.695189Z[0m [32m INFO[0m tokio-rt-worker ThreadId(04) [2mzenoh_plugin_ros2dds::routes_mgr[0m[2m:[0m Route Publisher (ROS:/tf_static -> Zenoh:tf_static) created
[2m2026-05-25T11:06:13.695380Z[0m [32m INFO[0m tokio-rt-worker ThreadId(04) [2mzenoh_plugin_ros2dds[0m[2m:[0m Remote bridge 30c1e18f668c11a3e1ddcfef2f4bcfb5 announces Subscriber tf - Allowed
[2m2026-05-25T11:06:13.695631Z[0m [32m INFO[0m tokio-rt-worker ThreadId(04) [2mzenoh_plugin_ros2dds::routes_mgr[0m[2m:[0m Route Publisher (ROS:/tf -> Zenoh:tf) created
[2m2026-05-25T11:06:13.796701Z[0m [32m INFO[0m tokio-rt-worker ThreadId(04) [2mzenoh_plugin_ros2dds[0m[2m:[0m Remote bridge 30c1e18f668c11a3e1ddcfef2f4bcfb5 announces Subscriber robot_description - Allowed
[2m2026-05-25T11:06:13.797164Z[0m [32m INFO[0m tokio-rt-worker ThreadId(04) [2mzenoh_plugin_ros2dds::routes_mgr[0m[2m:[0m Route Publisher (ROS:/robot_description -> Zenoh:robot_description) created
[2m2026-05-25T11:06:13.993516Z[0m [32m INFO[0m tokio-rt-worker ThreadId(07) [2mzenoh_plugin_ros2dds[0m[2m:[0m Remote bridge 30c1e18f668c11a3e1ddcfef2f4bcfb5 retires Subscriber tf_static - Allowed
[2m2026-05-25T11:06:13.993865Z[0m [32m INFO[0m tokio-rt-worker ThreadId(07) [2mzenoh_plugin_ros2dds::routes_mgr[0m[2m:[0m Route Publisher (ROS:/tf_static -> Zenoh:tf_static) removed
[2m2026-05-25T11:06:13.993948Z[0m [32m INFO[0m tokio-rt-worker ThreadId(07) [2mzenoh_plugin_ros2dds[0m[2m:[0m Remote bridge 30c1e18f668c11a3e1ddcfef2f4bcfb5 retires Subscriber tf - Allowed
[2m2026-05-25T11:06:13.993992Z[0m [32m INFO[0m tokio-rt-worker ThreadId(07) [2mzenoh_plugin_ros2dds::routes_mgr[0m[2m:[0m Route Publisher (ROS:/tf -> Zenoh:tf) removed
[2m2026-05-25T11:06:13.999140Z[0m [32m INFO[0m tokio-rt-worker ThreadId(04) [2mzenoh_plugin_ros2dds[0m[2m:[0m Remote bridge 30c1e18f668c11a3e1ddcfef2f4bcfb5 announces Subscriber tf - Allowed
[2m2026-05-25T11:06:13.999681Z[0m [32m INFO[0m tokio-rt-worker ThreadId(04) [2mzenoh_plugin_ros2dds::routes_mgr[0m[2m:[0m Route Publisher (ROS:/tf -> Zenoh:tf) created
[2m2026-05-25T11:06:13.999792Z[0m [32m INFO[0m tokio-rt-worker ThreadId(04) [2mzenoh_plugin_ros2dds[0m[2m:[0m Remote bridge 30c1e18f668c11a3e1ddcfef2f4bcfb5 announces Subscriber tf_static - Allowed
[2m2026-05-25T11:06:14.000130Z[0m [32m INFO[0m tokio-rt-worker ThreadId(04) [2mzenoh_plugin_ros2dds::routes_mgr[0m[2m:[0m Route Publisher (ROS:/tf_static -> Zenoh:tf_static) created
[2m2026-05-25T11:06:17.623401Z[0m [32m INFO[0m tokio-rt-worker ThreadId(03) [2mzenoh_plugin_ros2dds::discovered_entities[0m[2m:[0m Discovered ROS Node /camera1/camera
[2m2026-05-25T11:06:17.623589Z[0m [32m INFO[0m tokio-rt-worker ThreadId(03) [2mzenoh_plugin_ros2dds::discovered_entities[0m[2m:[0m Discovered ROS Node /camera_to_imu_optical_tf
[2m2026-05-25T11:06:17.623652Z[0m [32m INFO[0m tokio-rt-worker ThreadId(03) [2mzenoh_plugin_ros2dds::discovered_entities[0m[2m:[0m Discovered ROS Node /robot_state_publisher
[2m2026-05-25T11:06:17.623676Z[0m [32m INFO[0m tokio-rt-worker ThreadId(04) [2mzenoh_plugin_ros2dds[0m[2m:[0m Node /camera_to_imu_optical_tf declares Publisher /tf_static: tf2_msgs/msg/TFMessage - Allowed
[2m2026-05-25T11:06:17.623899Z[0m [32m INFO[0m tokio-rt-worker ThreadId(04) [2mzenoh_plugin_ros2dds[0m[2m:[0m Node /robot_state_publisher declares Publisher /tf_static: tf2_msgs/msg/TFMessage - Allowed
[2m2026-05-25T11:06:17.623927Z[0m [32m INFO[0m tokio-rt-worker ThreadId(04) [2mzenoh_plugin_ros2dds[0m[2m:[0m Node /robot_state_publisher declares Publisher /robot_description: std_msgs/msg/String - Allowed
[2m2026-05-25T11:06:17.623981Z[0m [32m INFO[0m tokio-rt-worker ThreadId(04) [2mzenoh_plugin_ros2dds[0m[2m:[0m Node /robot_state_publisher declares Publisher /tf: tf2_msgs/msg/TFMessage - Allowed
[2m2026-05-25T11:06:18.130247Z[0m [32m INFO[0m tokio-rt-worker ThreadId(04) [2mzenoh_plugin_ros2dds::discovered_entities[0m[2m:[0m Discovered ROS Node /_ros2cli_75069
[2m2026-05-25T11:06:18.837529Z[0m [32m INFO[0m tokio-rt-worker ThreadId(07) [2mzenoh_plugin_ros2dds::discovered_entities[0m[2m:[0m Discovered ROS Node /_ros2cli_daemon_0_6fd7fa410159403b8ea5d99920a1ee6b
[2m2026-05-25T11:06:24.499604Z[0m [32m INFO[0m tokio-rt-worker ThreadId(07) [2mzenoh_plugin_ros2dds[0m[2m:[0m Node /camera1/camera declares Publisher /tf_static: tf2_msgs/msg/TFMessage - Allowed
[2m2026-05-25T11:06:24.531584Z[0m [32m INFO[0m tokio-rt-worker ThreadId(04) [2mzenoh_plugin_ros2dds[0m[2m:[0m Node /camera1/camera undeclares Publisher /tf_static: tf2_msgs/msg/TFMessage - Allowed
[2m2026-05-25T11:06:24.602400Z[0m [32m INFO[0m tokio-rt-worker ThreadId(07) [2mzenoh_plugin_ros2dds[0m[2m:[0m Node /camera1/camera declares Publisher /tf_static: tf2_msgs/msg/TFMessage - Allowed
[2m2026-05-25T11:06:24.666084Z[0m [32m INFO[0m tokio-rt-worker ThreadId(04) [2mzenoh_plugin_ros2dds::discovered_entities[0m[2m:[0m Undiscovered ROS Node /_ros2cli_75069
[2m2026-05-25T11:06:25.815498Z[0m [32m INFO[0m tokio-rt-worker ThreadId(07) [2mzenoh_plugin_ros2dds::discovered_entities[0m[2m:[0m Discovered ROS Node /imu_transformer
[2m2026-05-25T11:06:25.917345Z[0m [32m INFO[0m tokio-rt-worker ThreadId(03) [2mzenoh_plugin_ros2dds[0m[2m:[0m Node /imu_transformer declares Subscriber /tf_static: tf2_msgs/msg/TFMessage - Allowed
[2m2026-05-25T11:06:25.917770Z[0m [32m INFO[0m tokio-rt-worker ThreadId(03) [2mzenoh_plugin_ros2dds::routes_mgr[0m[2m:[0m Route Subscriber (Zenoh:tf_static -> ROS:/tf_static) created
[2m2026-05-25T11:06:25.918579Z[0m [32m INFO[0m tokio-rt-worker ThreadId(03) [2mzenoh_plugin_ros2dds[0m[2m:[0m Node /imu_transformer declares Subscriber /tf: tf2_msgs/msg/TFMessage - Allowed
[2m2026-05-25T11:06:25.918834Z[0m [32m INFO[0m tokio-rt-worker ThreadId(03) [2mzenoh_plugin_ros2dds::routes_mgr[0m[2m:[0m Route Subscriber (Zenoh:tf -> ROS:/tf) created
[2m2026-05-25T11:06:26.219981Z[0m [32m INFO[0m tokio-rt-worker ThreadId(03) [2mzenoh_plugin_ros2dds::discovered_entities[0m[2m:[0m Discovered ROS Node /imu_filter_madgwick
[2m2026-05-25T11:06:26.220293Z[0m [32m INFO[0m tokio-rt-worker ThreadId(03) [2mzenoh_plugin_ros2dds[0m[2m:[0m Node /imu_filter_madgwick declares Publisher /tf: tf2_msgs/msg/TFMessage - Allowed
[2m2026-05-25T11:06:26.320386Z[0m [32m INFO[0m tokio-rt-worker ThreadId(03) [2mzenoh_plugin_ros2dds::discovered_entities[0m[2m:[0m Discovered ROS Node /_ros2cli_75325
[2m2026-05-25T11:06:27.636879Z[0m [32m INFO[0m tokio-rt-worker ThreadId(03) [2mzenoh_plugin_ros2dds::discovered_entities[0m[2m:[0m Discovered ROS Node /rtabmap/transform_listener_impl_aaab1d141110
[2m2026-05-25T11:06:27.637012Z[0m [32m INFO[0m tokio-rt-worker ThreadId(03) [2mzenoh_plugin_ros2dds::discovered_entities[0m[2m:[0m Discovered ROS Node /rtabmap/stereo_odometry
[2m2026-05-25T11:06:27.637137Z[0m [32m INFO[0m tokio-rt-worker ThreadId(03) [2mzenoh_plugin_ros2dds[0m[2m:[0m Node /rtabmap/transform_listener_impl_aaab1d141110 declares Subscriber /tf: tf2_msgs/msg/TFMessage - Allowed
[2m2026-05-25T11:06:27.637174Z[0m [32m INFO[0m tokio-rt-worker ThreadId(03) [2mzenoh_plugin_ros2dds[0m[2m:[0m Node /rtabmap/transform_listener_impl_aaab1d141110 declares Subscriber /tf_static: tf2_msgs/msg/TFMessage - Allowed
[2m2026-05-25T11:06:27.737944Z[0m [32m INFO[0m tokio-rt-worker ThreadId(07) [2mzenoh_plugin_ros2dds[0m[2m:[0m Node /rtabmap/stereo_odometry declares Publisher /tf: tf2_msgs/msg/TFMessage - Allowed
[2m2026-05-25T11:06:28.713468Z[0m [32m INFO[0m tokio-rt-worker ThreadId(07) [2mzenoh_plugin_ros2dds::discovered_entities[0m[2m:[0m Undiscovered ROS Node /_ros2cli_75325
[2m2026-05-25T11:06:30.063447Z[0m [32m INFO[0m tokio-rt-worker ThreadId(07) [2mzenoh_plugin_ros2dds::discovered_entities[0m[2m:[0m Discovered ROS Node /rtabmap
[2m2026-05-25T11:06:30.165021Z[0m [32m INFO[0m tokio-rt-worker ThreadId(04) [2mzenoh_plugin_ros2dds::discovered_entities[0m[2m:[0m Discovered ROS Node /transform_listener_impl_aaab0eabe760
[2m2026-05-25T11:06:30.165310Z[0m [32m INFO[0m tokio-rt-worker ThreadId(04) [2mzenoh_plugin_ros2dds[0m[2m:[0m Node /rtabmap declares Publisher /mapData: rtabmap_msgs/msg/MapData - Allowed
[2m2026-05-25T11:06:30.165495Z[0m [32m INFO[0m tokio-rt-worker ThreadId(04) [2mzenoh_plugin_ros2dds::routes_mgr[0m[2m:[0m Route Publisher (ROS:/mapData -> Zenoh:mapData) created
[2m2026-05-25T11:06:30.165729Z[0m [32m INFO[0m tokio-rt-worker ThreadId(04) [2mzenoh_plugin_ros2dds[0m[2m:[0m Node /rtabmap declares Publisher /mapGraph: rtabmap_msgs/msg/MapGraph - Allowed
[2m2026-05-25T11:06:30.165897Z[0m [32m INFO[0m tokio-rt-worker ThreadId(04) [2mzenoh_plugin_ros2dds::routes_mgr[0m[2m:[0m Route Publisher (ROS:/mapGraph -> Zenoh:mapGraph) created
[2m2026-05-25T11:06:30.166039Z[0m [32m INFO[0m tokio-rt-worker ThreadId(04) [2mzenoh_plugin_ros2dds[0m[2m:[0m Node /rtabmap declares Publisher /tf: tf2_msgs/msg/TFMessage - Allowed
[2m2026-05-25T11:06:30.166146Z[0m [32m INFO[0m tokio-rt-worker ThreadId(04) [2mzenoh_plugin_ros2dds[0m[2m:[0m Node /transform_listener_impl_aaab0eabe760 declares Subscriber /tf_static: tf2_msgs/msg/TFMessage - Allowed
[2m2026-05-25T11:06:30.166183Z[0m [32m INFO[0m tokio-rt-worker ThreadId(04) [2mzenoh_plugin_ros2dds[0m[2m:[0m Node /transform_listener_impl_aaab0eabe760 declares Subscriber /tf: tf2_msgs/msg/TFMessage - Allowed
[2m2026-05-25T11:06:30.671356Z[0m [32m INFO[0m tokio-rt-worker ThreadId(04) [2mzenoh_plugin_ros2dds::discovered_entities[0m[2m:[0m Discovered ROS Node /camera1/rgbd_sync
[2m2026-05-25T11:06:41.298327Z[0m [32m INFO[0m tokio-rt-worker ThreadId(07) [2mzenoh_plugin_ros2dds[0m[2m:[0m Remote bridge 30c1e18f668c11a3e1ddcfef2f4bcfb5 announces Subscriber mapGraph - Allowed
[2m2026-05-25T11:06:41.298473Z[0m [32m INFO[0m tokio-rt-worker ThreadId(07) [2mzenoh_plugin_ros2dds[0m[2m:[0m Remote bridge 30c1e18f668c11a3e1ddcfef2f4bcfb5 announces Subscriber mapData - Allowed
